Archive member included to satisfy reference by file (symbol)

/home/colored-dye/pok-new/examples/semaphores/pr2/../../../libpok/libpok.a(arch.lo)
                              main.o (pok_do_syscall)
/home/colored-dye/pok-new/examples/semaphores/pr2/../../../libpok/libpok.a(core.lo)
                              main.o (pok_thread_create)
/home/colored-dye/pok-new/examples/semaphores/pr2/../../../libpok/libpok.a(libc.lo)
                              main.o (printf)

Merging program properties


Allocating common symbols
Common symbol       size              file

pok_allocator_memspace
                    0x4000            /home/colored-dye/pok-new/examples/semaphores/pr2/../../../libpok/libpok.a(core.lo)
pok_error_reported  0x640             /home/colored-dye/pok-new/examples/semaphores/pr2/../../../libpok/libpok.a(core.lo)
errno               0x4               /home/colored-dye/pok-new/examples/semaphores/pr2/../../../libpok/libpok.a(core.lo)
pok_allocator_spaces
                    0x4b0             /home/colored-dye/pok-new/examples/semaphores/pr2/../../../libpok/libpok.a(core.lo)

Discarded input sections

 .group         0x0000000000000000        0x8 main.o
 .group         0x0000000000000000        0x8 activity.o
 .text.__x86.get_pc_thunk.bx
                0x0000000000000000        0x4 activity.o
 .note.gnu.property
                0x0000000000000000       0x1c activity.o
 .note.gnu.property
                0x0000000000000000       0x1c /home/colored-dye/pok-new/examples/semaphores/pr2/../../../libpok/libpok.a(arch.lo)
 .group         0x0000000000000000        0x8 /home/colored-dye/pok-new/examples/semaphores/pr2/../../../libpok/libpok.a(core.lo)
 .group         0x0000000000000000        0x8 /home/colored-dye/pok-new/examples/semaphores/pr2/../../../libpok/libpok.a(core.lo)
 .group         0x0000000000000000        0x8 /home/colored-dye/pok-new/examples/semaphores/pr2/../../../libpok/libpok.a(core.lo)
 .note.gnu.property
                0x0000000000000000       0x1c /home/colored-dye/pok-new/examples/semaphores/pr2/../../../libpok/libpok.a(core.lo)
 .text.__x86.get_pc_thunk.bx
                0x0000000000000000        0x4 /home/colored-dye/pok-new/examples/semaphores/pr2/../../../libpok/libpok.a(core.lo)
 .group         0x0000000000000000        0x8 /home/colored-dye/pok-new/examples/semaphores/pr2/../../../libpok/libpok.a(libc.lo)
 .group         0x0000000000000000        0x8 /home/colored-dye/pok-new/examples/semaphores/pr2/../../../libpok/libpok.a(libc.lo)
 .group         0x0000000000000000        0x8 /home/colored-dye/pok-new/examples/semaphores/pr2/../../../libpok/libpok.a(libc.lo)
 .group         0x0000000000000000        0x8 /home/colored-dye/pok-new/examples/semaphores/pr2/../../../libpok/libpok.a(libc.lo)
 .group         0x0000000000000000        0x8 /home/colored-dye/pok-new/examples/semaphores/pr2/../../../libpok/libpok.a(libc.lo)
 .group         0x0000000000000000        0x8 /home/colored-dye/pok-new/examples/semaphores/pr2/../../../libpok/libpok.a(libc.lo)
 .note.gnu.property
                0x0000000000000000       0x1c /home/colored-dye/pok-new/examples/semaphores/pr2/../../../libpok/libpok.a(libc.lo)
 .text.__x86.get_pc_thunk.bx
                0x0000000000000000        0x4 /home/colored-dye/pok-new/examples/semaphores/pr2/../../../libpok/libpok.a(libc.lo)
 .text.__x86.get_pc_thunk.bp
                0x0000000000000000        0x4 /home/colored-dye/pok-new/examples/semaphores/pr2/../../../libpok/libpok.a(libc.lo)
 .text.__x86.get_pc_thunk.si
                0x0000000000000000        0x4 /home/colored-dye/pok-new/examples/semaphores/pr2/../../../libpok/libpok.a(libc.lo)

Memory Configuration

Name             Origin             Length             Attributes
*default*        0x0000000000000000 0xffffffffffffffff

Linker script and memory map

                0x0000000000000000                . = 0x0
                0x0000000000000000                __partition_begin = .

.text           0x0000000000000000     0x1843
 *(.text)
 .text          0x0000000000000000       0xd4 main.o
                0x0000000000000000                main
 .text          0x00000000000000d4       0x37 activity.o
                0x00000000000000d4                pinger_job
 .text          0x000000000000010b       0x28 /home/colored-dye/pok-new/examples/semaphores/pr2/../../../libpok/libpok.a(arch.lo)
                0x000000000000010b                pok_arch_idle
                0x0000000000000112                pok_do_syscall
                0x0000000000000127                pok_division_by_zero_error
 .text          0x0000000000000133      0xa42 /home/colored-dye/pok-new/examples/semaphores/pr2/../../../libpok/libpok.a(core.lo)
                0x0000000000000133                pok_allocator_allocate
                0x0000000000000277                pok_allocator_delete_space
                0x00000000000002c3                pok_allocator_merge_space
                0x00000000000003aa                pok_allocator_free
                0x000000000000047f                pok_time_gettick
                0x00000000000004d3                pok_time_get
                0x00000000000004e7                pok_error_log
                0x0000000000000533                pok_error_get
                0x000000000000058a                pok_error_raise_application_error
                0x00000000000005e1                pok_error_handler_create
                0x000000000000063a                pok_error_handler_worker
                0x000000000000069e                pok_error_ignore
                0x00000000000006c3                pok_error_confirm
                0x00000000000006e8                __pok_partition_start
                0x000000000000070a                pok_sem_create
                0x000000000000078e                pok_sem_signal
                0x00000000000007f9                pok_sem_status
                0x0000000000000803                pok_sem_wait
                0x0000000000000889                pok_thread_create
                0x00000000000008dd                pok_thread_attr_init
                0x0000000000000929                pok_thread_period
                0x000000000000097d                pok_thread_sleep
                0x00000000000009d1                pok_thread_status
                0x0000000000000a25                pok_thread_delayed_start
                0x0000000000000a79                pok_thread_id
                0x0000000000000acd                pok_thread_set_priority
                0x0000000000000b21                pok_thread_resume
 .text          0x0000000000000b75      0xcce /home/colored-dye/pok-new/examples/semaphores/pr2/../../../libpok/libpok.a(libc.lo)
                0x0000000000000f18                vprintf
                0x00000000000012eb                printf
                0x0000000000001307                itoa
                0x00000000000013cc                atoi
                0x0000000000001413                memcpy
                0x0000000000001443                memset
                0x000000000000146b                memcmp
                0x00000000000014b4                strcmp
                0x00000000000014fa                strncmp
                0x0000000000001559                strcpy
                0x000000000000158f                strncpy
                0x00000000000015c3                streq
                0x000000000000165a                strlen
                0x000000000000167c                __udivdi3
                0x0000000000001744                __umoddi3
                0x000000000000179f                rand
                0x00000000000017da                free
                0x00000000000017fb                malloc
                0x000000000000181c                calloc

.text.__x86.get_pc_thunk.bx
                0x0000000000001843        0x4
 .text.__x86.get_pc_thunk.bx
                0x0000000000001843        0x4 main.o
                0x0000000000001843                __x86.get_pc_thunk.bx

.iplt           0x0000000000001847        0x0
 .iplt          0x0000000000001847        0x0 main.o

.text.__x86.get_pc_thunk.si
                0x0000000000001847        0x4
 .text.__x86.get_pc_thunk.si
                0x0000000000001847        0x4 /home/colored-dye/pok-new/examples/semaphores/pr2/../../../libpok/libpok.a(core.lo)
                0x0000000000001847                __x86.get_pc_thunk.si

.text.__x86.get_pc_thunk.bp
                0x000000000000184b        0x4
 .text.__x86.get_pc_thunk.bp
                0x000000000000184b        0x4 /home/colored-dye/pok-new/examples/semaphores/pr2/../../../libpok/libpok.a(core.lo)
                0x000000000000184b                __x86.get_pc_thunk.bp

.text.__x86.get_pc_thunk.ax
                0x000000000000184f        0x4
 .text.__x86.get_pc_thunk.ax
                0x000000000000184f        0x4 /home/colored-dye/pok-new/examples/semaphores/pr2/../../../libpok/libpok.a(libc.lo)
                0x000000000000184f                __x86.get_pc_thunk.ax

.text.__x86.get_pc_thunk.cx
                0x0000000000001853        0x4
 .text.__x86.get_pc_thunk.cx
                0x0000000000001853        0x4 /home/colored-dye/pok-new/examples/semaphores/pr2/../../../libpok/libpok.a(libc.lo)
                0x0000000000001853                __x86.get_pc_thunk.cx

.text.__x86.get_pc_thunk.di
                0x0000000000001857        0x4
 .text.__x86.get_pc_thunk.di
                0x0000000000001857        0x4 /home/colored-dye/pok-new/examples/semaphores/pr2/../../../libpok/libpok.a(libc.lo)
                0x0000000000001857                __x86.get_pc_thunk.di

.rodata         0x000000000000185c      0x1dd
 *(.rodata)
 .rodata        0x000000000000185c      0x1dd /home/colored-dye/pok-new/examples/semaphores/pr2/../../../libpok/libpok.a(libc.lo)

.rodata.str1.4  0x0000000000001a3c       0x1f
 .rodata.str1.4
                0x0000000000001a3c       0x1f main.o

.eh_frame       0x0000000000001a5c      0xa9c
 .eh_frame      0x0000000000001a5c       0x60 main.o
 .eh_frame      0x0000000000001abc       0x30 activity.o
                                         0x5c (size before relaxing)
 .eh_frame      0x0000000000001aec       0x48 /home/colored-dye/pok-new/examples/semaphores/pr2/../../../libpok/libpok.a(arch.lo)
                                         0x90 (size before relaxing)
 .eh_frame      0x0000000000001b34      0x494 /home/colored-dye/pok-new/examples/semaphores/pr2/../../../libpok/libpok.a(core.lo)
                                        0x6d0 (size before relaxing)
 .eh_frame      0x0000000000001fc8      0x530 /home/colored-dye/pok-new/examples/semaphores/pr2/../../../libpok/libpok.a(libc.lo)
                                        0x6ec (size before relaxing)

.rodata.str1.1  0x00000000000024f8       0x15
 .rodata.str1.1
                0x00000000000024f8       0x15 activity.o

.note.gnu.property
                0x0000000000002510       0x1c
 .note.gnu.property
                0x0000000000002510       0x1c main.o

.rel.dyn        0x000000000000252c        0x0
 .rel.got       0x000000000000252c        0x0 main.o
 .rel.iplt      0x000000000000252c        0x0 main.o
 .rel.text      0x000000000000252c        0x0 main.o

.data           0x0000000000002540     0x4b30
 *(.data)
 .data          0x0000000000002540        0x0 main.o
 .data          0x0000000000002540        0x0 activity.o
 .data          0x0000000000002540        0x0 /home/colored-dye/pok-new/examples/semaphores/pr2/../../../libpok/libpok.a(arch.lo)
 .data          0x0000000000002540        0x0 /home/colored-dye/pok-new/examples/semaphores/pr2/../../../libpok/libpok.a(core.lo)
 .data          0x0000000000002540        0x4 /home/colored-dye/pok-new/examples/semaphores/pr2/../../../libpok/libpok.a(libc.lo)
 *(.bss)
 .bss           0x0000000000002544        0x0 main.o
 .bss           0x0000000000002544        0x0 activity.o
 .bss           0x0000000000002544        0x0 /home/colored-dye/pok-new/examples/semaphores/pr2/../../../libpok/libpok.a(arch.lo)
 .bss           0x0000000000002544        0xa /home/colored-dye/pok-new/examples/semaphores/pr2/../../../libpok/libpok.a(core.lo)
                0x0000000000002544                pok_allocator_initialized
                0x0000000000002548                pok_allocator_used_spaces
                0x000000000000254c                pok_error_nb_reported
 .bss           0x000000000000254e        0x0 /home/colored-dye/pok-new/examples/semaphores/pr2/../../../libpok/libpok.a(libc.lo)
 *(COMMON)
 *fill*         0x000000000000254e       0x12 
 COMMON         0x0000000000002560     0x4b10 /home/colored-dye/pok-new/examples/semaphores/pr2/../../../libpok/libpok.a(core.lo)
                0x0000000000002560                pok_allocator_memspace
                0x0000000000006560                pok_error_reported
                0x0000000000006ba0                errno
                0x0000000000006bc0                pok_allocator_spaces
                0x0000000000007070                __partition_end = .
LOAD main.o
LOAD activity.o
LOAD /home/colored-dye/pok-new/examples/semaphores/pr2/../../../libpok/libpok.a
LOAD /home/colored-dye/pok-new/examples/semaphores/pr2/../../../libpok//libpok.a
OUTPUT(pr2.elf elf32-i386)

.got            0x0000000000007070        0x0
 .got           0x0000000000007070        0x0 main.o

.got.plt        0x0000000000007070        0xc
 .got.plt       0x0000000000007070        0xc main.o
                0x0000000000007070                _GLOBAL_OFFSET_TABLE_

.igot.plt       0x000000000000707c        0x0
 .igot.plt      0x000000000000707c        0x0 main.o

.data.rel.ro.local
                0x0000000000007080       0x6c
 .data.rel.ro.local
                0x0000000000007080       0x6c /home/colored-dye/pok-new/examples/semaphores/pr2/../../../libpok/libpok.a(libc.lo)

.debug_info     0x0000000000000000     0x6431
 .debug_info    0x0000000000000000      0x340 main.o
 .debug_info    0x0000000000000340       0xcb activity.o
 .debug_info    0x000000000000040b      0x428 /home/colored-dye/pok-new/examples/semaphores/pr2/../../../libpok/libpok.a(arch.lo)
 .debug_info    0x0000000000000833     0x42c5 /home/colored-dye/pok-new/examples/semaphores/pr2/../../../libpok/libpok.a(core.lo)
 .debug_info    0x0000000000004af8     0x1939 /home/colored-dye/pok-new/examples/semaphores/pr2/../../../libpok/libpok.a(libc.lo)

.debug_abbrev   0x0000000000000000     0x254a
 .debug_abbrev  0x0000000000000000      0x108 main.o
 .debug_abbrev  0x0000000000000108       0x8d activity.o
 .debug_abbrev  0x0000000000000195      0x17c /home/colored-dye/pok-new/examples/semaphores/pr2/../../../libpok/libpok.a(arch.lo)
 .debug_abbrev  0x0000000000000311     0x1557 /home/colored-dye/pok-new/examples/semaphores/pr2/../../../libpok/libpok.a(core.lo)
 .debug_abbrev  0x0000000000001868      0xce2 /home/colored-dye/pok-new/examples/semaphores/pr2/../../../libpok/libpok.a(libc.lo)

.debug_loc      0x0000000000000000     0x1600
 .debug_loc     0x0000000000000000       0x31 main.o
 .debug_loc     0x0000000000000031       0x41 /home/colored-dye/pok-new/examples/semaphores/pr2/../../../libpok/libpok.a(arch.lo)
 .debug_loc     0x0000000000000072      0x11c /home/colored-dye/pok-new/examples/semaphores/pr2/../../../libpok/libpok.a(core.lo)
 .debug_loc     0x000000000000018e     0x1472 /home/colored-dye/pok-new/examples/semaphores/pr2/../../../libpok/libpok.a(libc.lo)

.debug_aranges  0x0000000000000000      0x5b0
 .debug_aranges
                0x0000000000000000       0x20 main.o
 .debug_aranges
                0x0000000000000020       0x20 activity.o
 .debug_aranges
                0x0000000000000040       0x60 /home/colored-dye/pok-new/examples/semaphores/pr2/../../../libpok/libpok.a(arch.lo)
 .debug_aranges
                0x00000000000000a0      0x2f8 /home/colored-dye/pok-new/examples/semaphores/pr2/../../../libpok/libpok.a(core.lo)
 .debug_aranges
                0x0000000000000398      0x218 /home/colored-dye/pok-new/examples/semaphores/pr2/../../../libpok/libpok.a(libc.lo)

.debug_line     0x0000000000000000     0x2ca2
 .debug_line    0x0000000000000000      0x1f5 main.o
 .debug_line    0x00000000000001f5      0x1cc activity.o
 .debug_line    0x00000000000003c1      0x15d /home/colored-dye/pok-new/examples/semaphores/pr2/../../../libpok/libpok.a(arch.lo)
 .debug_line    0x000000000000051e     0x1582 /home/colored-dye/pok-new/examples/semaphores/pr2/../../../libpok/libpok.a(core.lo)
 .debug_line    0x0000000000001aa0     0x1202 /home/colored-dye/pok-new/examples/semaphores/pr2/../../../libpok/libpok.a(libc.lo)

.debug_str      0x0000000000000000     0x15c7
 .debug_str     0x0000000000000000      0x707 main.o
                                        0x74b (size before relaxing)
 .debug_str     0x0000000000000707       0x27 activity.o
                                        0x19a (size before relaxing)
 .debug_str     0x000000000000072e      0x325 /home/colored-dye/pok-new/examples/semaphores/pr2/../../../libpok/libpok.a(arch.lo)
                                        0xc65 (size before relaxing)
 .debug_str     0x0000000000000a53      0x81a /home/colored-dye/pok-new/examples/semaphores/pr2/../../../libpok/libpok.a(core.lo)
                                       0xab7f (size before relaxing)
 .debug_str     0x000000000000126d      0x35a /home/colored-dye/pok-new/examples/semaphores/pr2/../../../libpok/libpok.a(libc.lo)
                                       0x1e7a (size before relaxing)

.comment        0x0000000000000000       0x2b
 .comment       0x0000000000000000       0x2b main.o
                                         0x2c (size before relaxing)
 .comment       0x000000000000002b       0x2c activity.o
 .comment       0x000000000000002b       0xdc /home/colored-dye/pok-new/examples/semaphores/pr2/../../../libpok/libpok.a(arch.lo)
 .comment       0x000000000000002b      0x65c /home/colored-dye/pok-new/examples/semaphores/pr2/../../../libpok/libpok.a(core.lo)
 .comment       0x000000000000002b      0x2ec /home/colored-dye/pok-new/examples/semaphores/pr2/../../../libpok/libpok.a(libc.lo)

.note.GNU-stack
                0x0000000000000000        0x0
 .note.GNU-stack
                0x0000000000000000        0x0 main.o
 .note.GNU-stack
                0x0000000000000000        0x0 activity.o
 .note.GNU-stack
                0x0000000000000000        0x0 /home/colored-dye/pok-new/examples/semaphores/pr2/../../../libpok/libpok.a(arch.lo)
 .note.GNU-stack
                0x0000000000000000        0x0 /home/colored-dye/pok-new/examples/semaphores/pr2/../../../libpok/libpok.a(core.lo)
 .note.GNU-stack
                0x0000000000000000        0x0 /home/colored-dye/pok-new/examples/semaphores/pr2/../../../libpok/libpok.a(libc.lo)

.debug_ranges   0x0000000000000000       0xa8
 .debug_ranges  0x0000000000000000       0xa8 /home/colored-dye/pok-new/examples/semaphores/pr2/../../../libpok/libpok.a(libc.lo)
